============================================================
TESTING BIAS DETECTION ON test-case-5.csv
============================================================

[TEST] CSV file loaded
[TEST] File size: 10014 bytes
[TEST] Total lines: 201
[TEST] Data rows: 200

[TEST] Headers: [
  'ApplicantID',
  'Gender',
  'Age',
  'CreditScore',
  'AnnualIncome',
  'LoanAmount',
  'YearsInJob',
  'Education',
  'ZipCode',
  'LoanApproved\r'
]

[TEST] Suggested roles:
  ApplicantID: ignored
  Gender: sensitive
  Age: merit
  CreditScore: merit
  AnnualIncome: merit
  LoanAmount: merit
  YearsInJob: merit
  Education: merit
  ZipCode: ignored
  LoanApproved: outcome

[TEST] ΓÜá∩╕Å  KEY INSIGHT:
[TEST] This dataset has 7 merit columns (Age, CreditScore, Income, etc.)
[TEST] For comparable groups, ALL 7 merit values must match EXACTLY
[TEST] With 200 rows and high-dimensional merit space, this is very unlikely!

[TEST] ≡ƒôè Sample data preview:
  Row 1: 1001,Male,34,720,65000,15000,5,Bachelor,90210,1
  Row 2: 1002,Female,29,715,64000,15000,5,Bachelor,90210,0
  Row 3: 1003,Male,45,680,55000,20000,8,Master,10001,1
  Row 4: 1004,Female,46,690,56000,20000,9,Master,10001,0
  Row 5: 1005,Non-Binary,30,750,80000,25000,3,PhD,60601,1

[TEST] ≡ƒöì Checking for exact merit matches...

[TEST] Total unique merit combinations: 197
[TEST] Total rows: 200

[TEST] Γ£à Groups with 2+ rows (comparable): 3

[TEST] Sample comparable groups:

  Group 1 (2 rows):
    Merit values: 35|725|68000|18000|6|Bachelor
      Row 27: Gender=Male, Approved=undefined
      Row 101: Gender=Male, Approved=undefined

  Group 2 (2 rows):
    Merit values: 24|615|39000|6000|2|HighSchool
      Row 87: Gender=Male, Approved=undefined
      Row 129: Gender=Male, Approved=undefined

  Group 3 (2 rows):
    Merit values: 25|620|40000|6000|2|HighSchool
      Row 88: Gender=Female, Approved=undefined
      Row 130: Gender=Female, Approved=undefined

============================================================
TEST COMPLETE
============================================================
